"[1] mon"
100
150

"this [2] day"
-100
200
300

"[3] [4]"
100,200
200,300

"Ending in dot [5]."
100
200

"Startint [6]"
100.000000
200.200000
300.000000

"Startfloat [7]"
100.100000
200.000000
300.100000

"Floating [8] [9]"
100,1.500000
200,2.500000

"Same number 100 equals"
