100-150(125+/-25) mon  (2)
this -100-300(133.333+/-1.7e+02) day  (3)
100-200(150+/-50) 200-300(250+/-50)  (2)
Ending in dot 100-200(150+/-50).  (2)
Startint 100.000000-300.000000(200.067+/-82)  (3)
Startfloat 100.100000-300.100000(200.067+/-82)  (3)
Floating 100-200(150+/-50) 1.500000-2.500000(2+/-0.5)  (2)
Same number 100 equals  (2)
