"Small number [1], Large number [2] and quotes"  (4)
1.000000,1000
1.500000,2000
2.500000,5000
5.000000,100000
