int average 125: 0-500(125+/-5)  (4)
float average 10: 0.100000-150.100000(10+/-5.1)  (4)
